// Jest Snapshot v1, https://goo.gl/fbAQLP

exports[`Main page renders correctly 1`] = `
Object {
  "asFragment": [Function],
  "baseElement": <body>
    <div>
      <div
        class="container"
      >
        <div
          class="container"
        >
          <div
            class="logo"
          >
            <a
              href="/main"
            >
              Logo
            </a>
          </div>
          <div
            class="routesContainer"
          >
            <nav
              class="ulContainer"
            >
              <ul
                class="ul"
              >
                <li
                  class="inactive"
                >
                  <a
                    href="/about"
                  >
                    Об игре
                  </a>
                </li>
              </ul>
            </nav>
            <div
              class="buttonContainer"
            />
            <button
              class="ant-btn ant-btn-primary"
              type="button"
            >
              <span>
                Темная
              </span>
            </button>
          </div>
        </div>
        <div
          class="container"
        >
          <div
            class="infoContainer"
          >
            <article
              class="ant-typography title"
            >
              Игра
            </article>
            <article
              class="ant-typography info"
            >
              Lorem Ipsum is simply dummy text of the printing and typesetting industry.
            </article>
            <a
              class="gameHref"
              href="/game"
            >
              Играть
            </a>
          </div>
        </div>
      </div>
    </div>
  </body>,
  "container": <div>
    <div
      class="container"
    >
      <div
        class="container"
      >
        <div
          class="logo"
        >
          <a
            href="/main"
          >
            Logo
          </a>
        </div>
        <div
          class="routesContainer"
        >
          <nav
            class="ulContainer"
          >
            <ul
              class="ul"
            >
              <li
                class="inactive"
              >
                <a
                  href="/about"
                >
                  Об игре
                </a>
              </li>
            </ul>
          </nav>
          <div
            class="buttonContainer"
          />
          <button
            class="ant-btn ant-btn-primary"
            type="button"
          >
            <span>
              Темная
            </span>
          </button>
        </div>
      </div>
      <div
        class="container"
      >
        <div
          class="infoContainer"
        >
          <article
            class="ant-typography title"
          >
            Игра
          </article>
          <article
            class="ant-typography info"
          >
            Lorem Ipsum is simply dummy text of the printing and typesetting industry.
          </article>
          <a
            class="gameHref"
            href="/game"
          >
            Играть
          </a>
        </div>
      </div>
    </div>
  </div>,
  "debug": [Function],
  "findAllByAltText": [Function],
  "findAllByDisplayValue": [Function],
  "findAllByLabelText": [Function],
  "findAllByPlaceholderText": [Function],
  "findAllByRole": [Function],
  "findAllByTestId": [Function],
  "findAllByText": [Function],
  "findAllByTitle": [Function],
  "findByAltText": [Function],
  "findByDisplayValue": [Function],
  "findByLabelText": [Function],
  "findByPlaceholderText": [Function],
  "findByRole": [Function],
  "findByTestId": [Function],
  "findByText": [Function],
  "findByTitle": [Function],
  "getAllByAltText": [Function],
  "getAllByDisplayValue": [Function],
  "getAllByLabelText": [Function],
  "getAllByPlaceholderText": [Function],
  "getAllByRole": [Function],
  "getAllByTestId": [Function],
  "getAllByText": [Function],
  "getAllByTitle": [Function],
  "getByAltText": [Function],
  "getByDisplayValue": [Function],
  "getByLabelText": [Function],
  "getByPlaceholderText": [Function],
  "getByRole": [Function],
  "getByTestId": [Function],
  "getByText": [Function],
  "getByTitle": [Function],
  "queryAllByAltText": [Function],
  "queryAllByDisplayValue": [Function],
  "queryAllByLabelText": [Function],
  "queryAllByPlaceholderText": [Function],
  "queryAllByRole": [Function],
  "queryAllByTestId": [Function],
  "queryAllByText": [Function],
  "queryAllByTitle": [Function],
  "queryByAltText": [Function],
  "queryByDisplayValue": [Function],
  "queryByLabelText": [Function],
  "queryByPlaceholderText": [Function],
  "queryByRole": [Function],
  "queryByTestId": [Function],
  "queryByText": [Function],
  "queryByTitle": [Function],
  "rerender": [Function],
  "unmount": [Function],
}
`;
